AREA .  .ABS.
	RADIX HEX
	BASE 0000
	SIZE 0000
	ATTRIB ABS OVR
	GLOBALS
		l__HEAP	0000
		l__BSEG	0000
		l_.  .ABS.	0000
		l__GSFINAL	0000
		l__ISEG	0000
		s_.  .ABS.	0000
		s__HEADER	0000
		l__XSEG	0000
		.init	0000
		l__OVERLAY	0000
		l__LIT	0000
		s__SFR	0000
		l__GSINITTAIL	0001
		l__BSS	005C
		l__DATA	0137
		l__HOME	01AC
		l__HEADER	01E1
		s__CODE	0200
		l__BASE	0248
		l__CODE	0385
		s__HOME	0585
		l__GSINIT	06CF
		s__BASE	0731
		s__LIT	0979
		s__GSINIT	0979
		s__GSINITTAIL	1048
		s__GSFINAL	1049
		.OAM	C000
		s__DATA	C0A0
		s__BSS	C1D7
		s__HEAP	C233
		s__BSEG	C233
		s__ISEG	C233
		s__XSEG	C233
		s__OVERLAY	C233
		.STACK	E000
		.refresh_OAM	FF80
		l__SFR	10000
AREA _CODE
	RADIX HEX
	BASE 0200
	SIZE 0385
	ATTRIB REL CON
	GLOBALS
		_movegamecharacter	0200
		_rightFacingSpriteTiles	02CD
		_leftFacingSpriteTiles	02D3
		_spearSpriteTiles	02D9
		_setupFishSprites	02DF
		_setupSpearSprites	035A
		_switchFishSprite	03D9
		_setupFish	0409
		_setupSpear	0448
		_get_random	0470
		_main	048C
AREA _HEADER
	RADIX HEX
	BASE 0000
	SIZE 01E1
	ATTRIB ABS OVR
	GLOBALS
		_exit	01D2
AREA _HOME
	RADIX HEX
	BASE 0585
	SIZE 01AC
	ATTRIB REL CON
	GLOBALS
		.set_mode	0585
		.remove_VBL	0595
		.remove_LCD	059B
		.remove_TIM	05A1
		.remove_SIO	05A7
		.remove_JOY	05AD
		.add_VBL	05B3
		.add_LCD	05B9
		.add_TIM	05BF
		.add_SIO	05C5
		.add_JOY	05CB
		.remove_int	05D1
		.add_int	05F1
		.wait_vbl_done	060D
		_wait_vbl_done	060D
		_display_off	0624
		.display_off	0624
		.serial_IO	0645
		_mode	0674
		_get_mode	067D
		_enable_interrupts	0682
		_disable_interrupts	0684
		_reset	0686
		.reset	0686
		_set_interrupts	068C
		_remove_VBL	0697
		_remove_LCD	06A2
		_remove_TIM	06AD
		_remove_SIO	06B8
		_remove_JOY	06C3
		_add_VBL	06CE
		_add_LCD	06D9
		_add_TIM	06E4
		_add_SIO	06EF
		_add_JOY	06FA
		_clock	0705
		__printTStates	070E
		banked_call	070F
		banked_ret	0728
AREA _BASE
	RADIX HEX
	BASE 0731
	SIZE 0248
	ATTRIB REL CON
	GLOBALS
		.mv_sprite	0731
		_move_sprite	0740
		__modslong	074D
		__divslong	074D
		__mulslong	074D
		__divschar	074E
		__modschar	075A
		__divsint	0765
		__modsint	0776
		__divuchar	0785
		__moduchar	0791
		__divuint	079C
		__moduint	07AD
		.mod8	07BC
		.div8	07BC
		.mod16	07C4
		.div16	07C4
		.modu8	07FA
		.divu8	07FA
		.modu16	07FD
		.divu16	07FD
		_set_win_data	083A
		_set_bkg_data	083A
		_set_sprite_data	0887
		__mulschar	08B6
		__muluchar	08B6
		__mulsint	08C2
		__muluint	08C2
		.mulu16	08D6
		.mul16	08D6
		.padup	08EC
		_waitpadup	08EC
		.jpad	08FC
		.wait_pad	0929
		_joypad	0930
		_waitpad	0935
		.set_sprite_tile	093F
		_set_sprite_tile	094C
		.copy_vram	0957
		_get_data	0966
		_set_data	0966
AREA _LIT
	RADIX HEX
	BASE 0979
	SIZE 0000
	ATTRIB REL CON
AREA _GSINIT
	RADIX HEX
	BASE 0979
	SIZE 06CF
	ATTRIB REL CON
	GLOBALS
		gsinit	0979
AREA _GSINITTAIL
	RADIX HEX
	BASE 1048
	SIZE 0001
	ATTRIB REL CON
AREA _GSFINAL
	RADIX HEX
	BASE 1049
	SIZE 0000
	ATTRIB REL CON
AREA _DATA
	RADIX HEX
	BASE C0A0
	SIZE 0137
	ATTRIB REL CON
	GLOBALS
		_SimpleFish	C0A0
		_fish	C1C0
		_spear	C1CA
		_spritesize	C1D4
		_facingRight	C1D5
AREA _BSS
	RADIX HEX
	BASE C1D7
	SIZE 005C
	ATTRIB REL CON
	GLOBALS
		__cpu	C1D7
		.mode	C1D8
		__io_out	C1D9
		__io_in	C1DA
		__io_status	C1DB
		.vbl_done	C1DC
		__current_bank	C1DD
		_sys_time	C1DE
		.sys_time	C1DE
		.int_0x40	C1E0
		.int_0x48	C1F0
		.int_0x50	C200
		.int_0x58	C210
		.int_0x60	C220
AREA _HEAP
	RADIX HEX
	BASE C233
	SIZE 0000
	ATTRIB REL CON
	GLOBALS
		_malloc_heap_start	C233
AREA _OVERLAY
	RADIX HEX
	BASE C233
	SIZE 0000
	ATTRIB REL CON
AREA _ISEG
	RADIX HEX
	BASE C233
	SIZE 0000
	ATTRIB REL CON
AREA _BSEG
	RADIX HEX
	BASE C233
	SIZE 0000
	ATTRIB REL CON
AREA _XSEG
	RADIX HEX
	BASE C233
	SIZE 0000
	ATTRIB REL CON
AREA _SFR
	RADIX HEX
	BASE 0000
	SIZE 10000
	ATTRIB ABS OVR
	GLOBALS
		_P1_REG	FF00
		_SB_REG	FF01
		_SC_REG	FF02
		_DIV_REG	FF04
		_TIMA_REG	FF05
		_TMA_REG	FF06
		_TAC_REG	FF07
		_IF_REG	FF0F
		_NR10_REG	FF10
		_NR11_REG	FF11
		_NR12_REG	FF12
		_NR13_REG	FF13
		_NR14_REG	FF14
		_NR21_REG	FF16
		_NR22_REG	FF17
		_NR23_REG	FF18
		_NR24_REG	FF19
		_NR30_REG	FF1A
		_NR31_REG	FF1B
		_NR32_REG	FF1C
		_NR33_REG	FF1D
		_NR34_REG	FF1E
		_NR41_REG	FF20
		_NR42_REG	FF21
		_NR43_REG	FF22
		_NR44_REG	FF23
		_NR50_REG	FF24
		_NR51_REG	FF25
		_NR52_REG	FF26
		_LCDC_REG	FF40
		_STAT_REG	FF41
		_SCY_REG	FF42
		_SCX_REG	FF43
		_LY_REG	FF44
		_LYC_REG	FF45
		_DMA_REG	FF46
		_BGP_REG	FF47
		_OBP0_REG	FF48
		_OBP1_REG	FF49
		_WY_REG	FF4A
		_WX_REG	FF4B
		_KEY1_REG	FF4D
		_VBK_REG	FF4F
		_HDMA1_REG	FF51
		_HDMA2_REG	FF52
		_HDMA3_REG	FF53
		_HDMA4_REG	FF54
		_HDMA5_REG	FF55
		_RP_REG	FF56
		_BCPS_REG	FF68
		_BCPD_REG	FF69
		_OCPS_REG	FF6A
		_OCPD_REG	FF6B
		_SVBK_REG	FF70
		_IE_REG	FFFF
MODULES
	FILE c:\gbdk\lib/small/asxxxx/gb/crt0.o
		NAME Runtime
	FILE main.o
		NAME lcc160560
LIBRARIES
	LIBRARY c:\gbdk\lib/small/asxxxx/gb/gb.lib
		MODULE sfr.o
	LIBRARY c:\gbdk\lib/small/asxxxx/gb/gb.lib
		MODULE mv_spr.o
	LIBRARY c:\gbdk\lib/small/asxxxx/gbz80/gbz80.lib
		MODULE div.o
	LIBRARY c:\gbdk\lib/small/asxxxx/gb/gb.lib
		MODULE set_data.o
	LIBRARY c:\gbdk\lib/small/asxxxx/gbz80/gbz80.lib
		MODULE mul.o
	LIBRARY c:\gbdk\lib/small/asxxxx/gb/gb.lib
		MODULE pad.o
	LIBRARY c:\gbdk\lib/small/asxxxx/gb/gb.lib
		MODULE set_spr.o
	LIBRARY c:\gbdk\lib/small/asxxxx/gb/gb.lib
		MODULE cpy_data.o
USERBASEDEF
	_CODE=0x0200
	_DATA=0xC0A0
	_CODE_1=0x4000
USERGLOBALDEF
	.OAM=0xC000
	.STACK=0xE000
	.refresh_OAM=0xFF80
	.init=0x0000
