AREA .  .ABS.
	RADIX HEX
	BASE 0000
	SIZE 0000
	ATTRIB ABS OVR
	GLOBALS
		l__HEAP	0000
		l__BSEG	0000
		l_.  .ABS.	0000
		l__GSFINAL	0000
		l__ISEG	0000
		s_.  .ABS.	0000
		s__HEADER	0000
		l__XSEG	0000
		.init	0000
		l__OVERLAY	0000
		l__LIT	0000
		s__SFR	0000
		l__GSINITTAIL	0001
		l__BSS	0087
		l__HEADER	01EB
		s__CODE	0200
		l__DATA	03E1
		l__HOME	04AF
		l__CODE	0CCB
		s__HOME	0ECB
		l__BASE	10C8
		s__BASE	137A
		l__GSINIT	16C9
		s__LIT	2442
		s__GSINIT	2442
		s__GSINITTAIL	3B0B
		s__GSFINAL	3B0C
		.OAM	C000
		s__DATA	C0A0
		s__BSS	C481
		s__HEAP	C508
		s__BSEG	C508
		s__ISEG	C508
		s__XSEG	C508
		s__OVERLAY	C508
		.STACK	E000
		.refresh_OAM	FF80
		l__SFR	10000
AREA _CODE
	RADIX HEX
	BASE 0200
	SIZE 0CCB
	ATTRIB REL CON
	GLOBALS
		_checkcollisions	0200
		_rightFacingSpriteTiles	02B3
		_leftFacingSpriteTiles	02B9
		_spearSpriteTiles	02BF
		_movegamecharacter	02C5
		_setupFishSprites	0392
		_setupSpearSprites	040D
		_switchFishSprite	048C
		_setupFish	04BC
		_setupSpear	04FB
		_get_random	0523
		_resetGame	053F
		_main	05CF
		_putchar	075A
		_setchar	0763
		_gotoxy	076C
		_posx	0777
		_posy	0788
		.adv_gcurs	0799
		.circle	07B6
		.horlin	0859
		.verlin	0891
		.circplot	08ED
		.box	096B
		.line	0A41
		.xonly	0B62
		.yonly	0CB1
		.plot	0CD2
		.wrbyte	0CEF
		.getpix	0D71
		.wrtchr	0DA6
		_gotogxy	0E0A
		_wrtchr	0E15
		_getpix	0E2A
		_color	0E36
		_circle	0E45
		_box	0E5F
		_line	0E83
		_plot_point	0E9B
		_plot	0EAF
AREA _HEADER
	RADIX HEX
	BASE 0000
	SIZE 01EB
	ATTRIB ABS OVR
	GLOBALS
		_exit	01D2
AREA _HOME
	RADIX HEX
	BASE 0ECB
	SIZE 04AF
	ATTRIB REL CON
	GLOBALS
		.set_mode	0ECB
		.remove_VBL	0EDB
		.remove_LCD	0EE1
		.remove_TIM	0EE7
		.remove_SIO	0EED
		.remove_JOY	0EF3
		.add_VBL	0EF9
		.add_LCD	0EFF
		.add_TIM	0F05
		.add_SIO	0F0B
		.add_JOY	0F11
		.remove_int	0F17
		.add_int	0F37
		.wait_vbl_done	0F53
		_wait_vbl_done	0F53
		_display_off	0F6A
		.display_off	0F6A
		.serial_IO	0F8B
		_mode	0FBA
		_get_mode	0FC3
		_enable_interrupts	0FC8
		_disable_interrupts	0FCA
		_reset	0FCC
		.reset	0FCC
		_set_interrupts	0FD2
		_remove_VBL	0FDD
		_remove_LCD	0FE8
		_remove_TIM	0FF3
		_remove_SIO	0FFE
		_remove_JOY	1009
		_add_VBL	1014
		_add_LCD	101F
		_add_TIM	102A
		_add_SIO	1035
		_add_JOY	1040
		_clock	104B
		__printTStates	1054
		banked_call	1055
		banked_ret	106E
		_printf	1077
		_sprintf	10A6
AREA _BASE
	RADIX HEX
	BASE 137A
	SIZE 10C8
	ATTRIB REL CON
	GLOBALS
		.mv_sprite	137A
		_move_sprite	1389
		__modslong	1396
		__divslong	1396
		__mulslong	1396
		__divschar	1397
		__modschar	13A3
		__divsint	13AE
		__modsint	13BF
		__divuchar	13CE
		__moduchar	13DA
		__divuint	13E5
		__moduint	13F6
		.mod8	1405
		.div8	1405
		.mod16	140D
		.div16	140D
		.modu8	1443
		.divu8	1443
		.modu16	1446
		.divu16	1446
		_set_win_data	1483
		_set_bkg_data	1483
		_set_sprite_data	14D0
		__mulschar	14FF
		__muluchar	14FF
		__mulsint	150B
		__muluint	150B
		.mulu16	151F
		.mul16	151F
		.padup	1535
		_waitpadup	1535
		.jpad	1545
		.wait_pad	1572
		_joypad	1579
		_waitpad	157E
		.set_sprite_tile	1588
		_set_sprite_tile	1595
		.copy_vram	15A0
		_get_data	15AF
		_set_data	15AF
		_set_bkg_tiles	15C2
		font_copy_uncompressed	15D6
		font_copy_compressed	160C
		font_load	1661
		font_copy_current	16A9
		font_set	16F1
		.put_char	16FE
		.out_char	1717
		.del_char	171E
		_font_load	1779
		_font_set	1787
		_font_init	1796
		_cls	17B8
		.cls	17B8
		.cr_curs	17EA
		.adv_curs	17FF
		.tmode	185B
		.tmode_out	1884
		_font_load_ibm_fixed	1894
		_font_ibm_fixed	189B
		_font_ibm_fixed_tiles	199D
		.gmode	219D
		.vbl	21FF
		.lcd	220A
		.draw_image	2217
		.switch_data	2221
		_switch_data	2258
		_draw_image	2273
		.y_table	2286
		.set_xy_wtt	23A6
		.set_xy_btt	23B7
		.set_xy_tt	23C6
		_set_tiles	23F7
		.init_vram	2410
		.init_wtt	241E
		.init_btt	242E
		.init_tt	243C
AREA _LIT
	RADIX HEX
	BASE 2442
	SIZE 0000
	ATTRIB REL CON
AREA _GSINIT
	RADIX HEX
	BASE 2442
	SIZE 16C9
	ATTRIB REL CON
	GLOBALS
		gsinit	2442
AREA _GSINITTAIL
	RADIX HEX
	BASE 3B0B
	SIZE 0001
	ATTRIB REL CON
AREA _GSFINAL
	RADIX HEX
	BASE 3B0C
	SIZE 0000
	ATTRIB REL CON
AREA _DATA
	RADIX HEX
	BASE C0A0
	SIZE 03E1
	ATTRIB REL CON
	GLOBALS
		_SimpleFish	C0A0
		_seaweedmap	C220
		_seaweedbkg	C388
		_fish	C468
		_spear	C472
		_spritesize	C47C
		_facingRight	C47D
		_random_seed	C47F
		_collisionOccurred	C480
AREA _BSS
	RADIX HEX
	BASE C481
	SIZE 0087
	ATTRIB REL CON
	GLOBALS
		__cpu	C481
		.mode	C482
		__io_out	C483
		__io_in	C484
		__io_status	C485
		.vbl_done	C486
		__current_bank	C487
		_sys_time	C488
		.sys_time	C488
		.int_0x40	C48A
		.int_0x48	C49A
		.int_0x50	C4AA
		.int_0x58	C4BA
		.int_0x60	C4CA
		font_current	C4DD
		font_first_free_tile	C4E0
		font_table	C4E1
		.curx	C4F3
		.cury	C4F4
		.fg_colour	C4F5
		.bg_colour	C4F6
AREA _HEAP
	RADIX HEX
	BASE C508
	SIZE 0000
	ATTRIB REL CON
	GLOBALS
		_malloc_heap_start	C508
AREA _OVERLAY
	RADIX HEX
	BASE C508
	SIZE 0000
	ATTRIB REL CON
AREA _ISEG
	RADIX HEX
	BASE C508
	SIZE 0000
	ATTRIB REL CON
AREA _BSEG
	RADIX HEX
	BASE C508
	SIZE 0000
	ATTRIB REL CON
AREA _XSEG
	RADIX HEX
	BASE C508
	SIZE 0000
	ATTRIB REL CON
AREA _SFR
	RADIX HEX
	BASE 0000
	SIZE 10000
	ATTRIB ABS OVR
	GLOBALS
		_P1_REG	FF00
		_SB_REG	FF01
		_SC_REG	FF02
		_DIV_REG	FF04
		_TIMA_REG	FF05
		_TMA_REG	FF06
		_TAC_REG	FF07
		_IF_REG	FF0F
		_NR10_REG	FF10
		_NR11_REG	FF11
		_NR12_REG	FF12
		_NR13_REG	FF13
		_NR14_REG	FF14
		_NR21_REG	FF16
		_NR22_REG	FF17
		_NR23_REG	FF18
		_NR24_REG	FF19
		_NR30_REG	FF1A
		_NR31_REG	FF1B
		_NR32_REG	FF1C
		_NR33_REG	FF1D
		_NR34_REG	FF1E
		_NR41_REG	FF20
		_NR42_REG	FF21
		_NR43_REG	FF22
		_NR44_REG	FF23
		_NR50_REG	FF24
		_NR51_REG	FF25
		_NR52_REG	FF26
		_LCDC_REG	FF40
		_STAT_REG	FF41
		_SCY_REG	FF42
		_SCX_REG	FF43
		_LY_REG	FF44
		_LYC_REG	FF45
		_DMA_REG	FF46
		_BGP_REG	FF47
		_OBP0_REG	FF48
		_OBP1_REG	FF49
		_WY_REG	FF4A
		_WX_REG	FF4B
		_KEY1_REG	FF4D
		_VBK_REG	FF4F
		_HDMA1_REG	FF51
		_HDMA2_REG	FF52
		_HDMA3_REG	FF53
		_HDMA4_REG	FF54
		_HDMA5_REG	FF55
		_RP_REG	FF56
		_BCPS_REG	FF68
		_BCPD_REG	FF69
		_OCPS_REG	FF6A
		_OCPD_REG	FF6B
		_SVBK_REG	FF70
		_IE_REG	FFFF
MODULES
	FILE c:\gbdk\lib/small/asxxxx/gb/crt0.o
		NAME Runtime
	FILE main.o
		NAME lcc75640
LIBRARIES
	LIBRARY c:\gbdk\lib/small/asxxxx/gb/gb.lib
		MODULE sfr.o
	LIBRARY c:\gbdk\lib/small/asxxxx/gb/gb.lib
		MODULE mv_spr.o
	LIBRARY c:\gbdk\lib/small/asxxxx/gbz80/gbz80.lib
		MODULE div.o
	LIBRARY c:\gbdk\lib/small/asxxxx/gb/gb.lib
		MODULE set_data.o
	LIBRARY c:\gbdk\lib/small/asxxxx/gbz80/gbz80.lib
		MODULE mul.o
	LIBRARY c:\gbdk\lib/small/asxxxx/gb/gb.lib
		MODULE pad.o
	LIBRARY c:\gbdk\lib/small/asxxxx/gb/gb.lib
		MODULE set_spr.o
	LIBRARY c:\gbdk\lib/small/asxxxx/gbz80/gbz80.lib
		MODULE printf.o
	LIBRARY c:\gbdk\lib/small/asxxxx/gb/gb.lib
		MODULE cpy_data.o
	LIBRARY c:\gbdk\lib/small/asxxxx/gb/gb.lib
		MODULE set_bk_t.o
	LIBRARY c:\gbdk\lib/small/asxxxx/gb/gb.lib
		MODULE font.o
	LIBRARY c:\gbdk\lib/small/asxxxx/gb/gb.lib
		MODULE ibmfixed.o
	LIBRARY c:\gbdk\lib/small/asxxxx/gb/gb.lib
		MODULE drawing.o
	LIBRARY c:\gbdk\lib/small/asxxxx/gb/gb.lib
		MODULE set_xy_t.o
	LIBRARY c:\gbdk\lib/small/asxxxx/gb/gb.lib
		MODULE init_tt.o
USERBASEDEF
	_CODE=0x0200
	_DATA=0xC0A0
	_CODE_1=0x4000
USERGLOBALDEF
	.OAM=0xC000
	.STACK=0xE000
	.refresh_OAM=0xFF80
	.init=0x0000
